mkBinOp(Equal,
         new VarExpr("x"),
         mkConst(42))
