mkBinOp(Equal,
         new ArrayExpr(new VarExpr("x"), mkConst(2)),
         mkConst(42))
