new FuncCallExpr("f",
      mkExprList(1, mkConst(5)))
