new VarDecl(new PtrType(new PtrType(new IntType())), "x")
