new VarDecl(new PtrType(new NamedType("matrix")), "m")
