new ExprStmt(mkBinOp(Equal,
         new VarExpr("x"),
         mkConst(1)))
