new ArrayExpr(new VarExpr("x"), new ArrayExpr(new VarExpr("y"), mkConst(2)))
