new ArrayExpr(new ArrayExpr(new VarExpr("x"), mkConst(2)), mkConst(5))
