new FuncDeclaration(new VoidType(),
      "foo",
      mkFormals(0),
      mkScopedStmt(0))
