mkProgram(5, new ExternDecl(new IntType(), "e"),
   new GlobalDecl(new PtrType(new DoubleType()), "d"),
   new GlobalDecl(new ArrayType(new DoubleType(),5), "g", mkConst(5)),
   new FuncDeclaration(new VoidType(),
      "foo",
      mkFormals(0),
      mkScopedStmt(0)),
   new FuncDeclaration(new IntType(),
      "bar",
      mkFormals(3, new FuncParam(new IntType(), "x"),
         new FuncParam(new IntType(), "y"),
         new FuncParam(new DoubleType(), "z")),
      mkScopedStmt(1, new ReturnStmt(mkBinOp(Plus,
         new VarExpr("x"),
         mkBinOp(Star,
            new VarExpr("y"),
            new VarExpr("z")))))))
