mkBinOp(Equal,
         mkUnaryOp(Star, new VarExpr("x")),
         mkConst(42))
