mkBinOp(StarEqual,
         new VarExpr("x"),
         mkConst(2))
