mkBinOp(PlusEqual,
         new VarExpr("x"),
         mkConst(1))
