mkBinOp(MinusEqual,
         new VarExpr("x"),
         mkConst(1))
