mkBinOp(SlashEqual,
         new VarExpr("x"),
         mkConst(2))
