mkScopedStmt(5, new VarDecl(new IntType(), "i"),
      new VarDecl(new IntType(), "k"),
      new ExprStmt(mkBinOp(Equal,
         new VarExpr("i"),
         mkConst(0))),
      new ExprStmt(mkBinOp(Equal,
         new VarExpr("k"),
         mkConst(0))),
      new WhileStmt(mkBinOp(LogicalAnd,
         mkBinOp(Less,
            new VarExpr("i"),
            mkConst(10)),
         mkBinOp(Less,
            new VarExpr("k"),
            mkConst(10))),
      mkScopedStmt(3, new ExprStmt(mkConst(0)),
      new ExprStmt(mkUnaryPostOp(PlusPlus, new VarExpr("i"))),
      new ExprStmt(mkUnaryPostOp(PlusPlus, new VarExpr("k"))))))
