mkBinOp(LogicalAnd,
         mkBinOp(LogicalAnd,
            mkBinOp(LogicalAnd,
               mkBinOp(LogicalAnd,
                  mkBinOp(LogicalAnd,
                     mkBinOp(EqEq,
                        new VarExpr("x"),
                        new VarExpr("y")),
                     mkBinOp(NotEq,
                        new VarExpr("x"),
                        mkConst(0))),
                  mkBinOp(LessEq,
                     new VarExpr("x"),
                     mkConst(7))),
               mkBinOp(GreaterEq,
                  new VarExpr("x"),
                  mkConst(1))),
            mkBinOp(Less,
               new VarExpr("x"),
               new VarExpr("y"))),
         mkBinOp(Greater,
            new VarExpr("x"),
            new VarExpr("y")))
