new WhileStmt(mkConst(true),
      mkScopedStmt(1, new ExprStmt(mkUnaryPostOp(PlusPlus, new VarExpr("x")))))
